2026-10-02T16:33:17.166874 | Run #1 — findings: 1
2026-10-02T16:33:17.167601 |   [ok] No problems detected. Network is healthy.
2026-10-02T16:33:47.979495 | Run #2 — findings: 1
2026-10-02T16:33:47.979854 |   [ok] No problems detected. Network is healthy.
2026-10-02T16:44:01.892064 | Run #1 — 1 findings
2026-10-02T16:44:01.893898 |   [ok] No problems detected. Network is healthy.
2026-10-02T16:44:22.563282 | Run #2 — 1 findings
2026-10-02T16:44:22.563573 |   [ok] No problems detected. Network is healthy.
2026-10-02T16:44:44.903556 | Run #3 — 1 findings
2026-10-02T16:44:44.904050 |   [ok] No problems detected. Network is healthy.
2026-10-02T16:46:45.482197 | Run #1 — 3 findings
2026-10-02T16:46:45.482743 |   [critical] Cannot reach router — WiFi may be off or router down.
2026-10-02T16:46:45.483075 |   [warn] Network path issue: Traceroute returned no hops
2026-10-02T16:46:45.483378 |   [info] WiFi not active (you may be on mobile data).
2026-10-02T16:47:29.367584 | Run #2 — 3 findings
2026-10-02T16:47:29.367882 |   [critical] Cannot reach router — WiFi may be off or router down.
2026-10-02T16:47:29.368028 |   [warn] Network path issue: Traceroute returned no hops
2026-10-02T16:47:29.368157 |   [info] WiFi not active (you may be on mobile data).
2026-10-02T16:48:13.252087 | Run #3 — 3 findings
2026-10-02T16:48:13.252387 |   [critical] Cannot reach router — WiFi may be off or router down.
2026-10-02T16:48:13.252640 |   [warn] Network path issue: Traceroute returned no hops
2026-10-02T16:48:13.252847 |   [info] WiFi not active (you may be on mobile data).
2026-10-02T16:52:08.280833 | Run #1 — 5 findings
2026-10-02T16:52:08.283187 |   [critical] Cannot reach router — WiFi may be off or router down.
2026-10-02T16:52:08.284461 |   [warn] Network path issue: Traceroute returned no hops
2026-10-02T16:52:08.285755 |   [info] ICMP ping blocked by ISP (normal). TCP works.
2026-10-02T16:52:08.286652 |   [warn] HTTP failed but DNS/TCP work — target website may be down.
2026-10-02T16:52:08.287444 |   [info] WiFi not active (you may be on mobile data).
2026-10-02T16:52:44.867563 | Run #1 — 1 findings
2026-10-02T16:52:44.868227 |   [critical] NO local IP — WiFi or mobile data disconnected.
2026-10-02T16:53:00.132898 | Run #2 — 1 findings
2026-10-02T16:53:00.133419 |   [critical] NO local IP — WiFi or mobile data disconnected.
2026-10-02T16:53:44.120829 | Run #3 — 3 findings
2026-10-02T16:53:44.121424 |   [critical] Cannot reach router — WiFi may be off or router down.
2026-10-02T16:53:44.122011 |   [warn] Network path issue: Traceroute returned no hops
2026-10-02T16:53:44.122634 |   [info] WiFi not active (you may be on mobile data).
2026-10-02T16:55:09.184543 | Run #4 — 3 findings
2026-10-02T16:55:09.186845 |   [critical] Cannot reach router — WiFi may be off or router down.
2026-10-02T16:55:09.187916 |   [warn] Network path issue: Traceroute returned no hops
2026-10-02T16:55:09.188603 |   [info] WiFi not active (you may be on mobile data).
2026-10-02T16:55:53.184468 | Run #5 — 3 findings
2026-10-02T16:55:53.185140 |   [critical] Cannot reach router — WiFi may be off or router down.
2026-10-02T16:55:53.185643 |   [warn] Network path issue: Traceroute returned no hops
2026-10-02T16:55:53.186042 |   [info] WiFi not active (you may be on mobile data).
2026-10-02T16:56:37.179327 | Run #6 — 3 findings
2026-10-02T16:56:37.180029 |   [critical] Cannot reach router — WiFi may be off or router down.
2026-10-02T16:56:37.180516 |   [warn] Network path issue: Traceroute returned no hops
2026-10-02T16:56:37.180893 |   [info] WiFi not active (you may be on mobile data).
2026-10-02T16:57:21.576846 | Run #7 — 3 findings
2026-10-02T16:57:21.577249 |   [critical] Cannot reach router — WiFi may be off or router down.
2026-10-02T16:57:21.577591 |   [warn] Network path issue: Traceroute returned no hops
2026-10-02T16:57:21.577950 |   [info] WiFi not active (you may be on mobile data).
2026-10-02T16:58:40.967288 | Run #8 — 3 findings
2026-10-02T16:58:40.968937 |   [critical] Cannot reach router — WiFi may be off or router down.
2026-10-02T16:58:40.972997 |   [warn] Network path issue: Traceroute returned no hops
2026-10-02T16:58:40.974342 |   [info] WiFi not active (you may be on mobile data).
2026-10-02T16:59:24.996153 | Run #9 — 3 findings
2026-10-02T16:59:24.996658 |   [critical] Cannot reach router — WiFi may be off or router down.
2026-10-02T16:59:24.996916 |   [warn] Network path issue: Traceroute returned no hops
2026-10-02T16:59:24.997146 |   [info] WiFi not active (you may be on mobile data).
2026-10-02T17:00:08.931781 | Run #10 — 3 findings
2026-10-02T17:00:08.932946 |   [critical] Cannot reach router — WiFi may be off or router down.
2026-10-02T17:00:08.933906 |   [warn] Network path issue: Traceroute returned no hops
2026-10-02T17:00:08.934617 |   [info] WiFi not active (you may be on mobile data).
2026-10-02T17:00:46.955398 | Run #11 — 2 findings
2026-10-02T17:00:46.956451 |   [critical] Cannot reach router — WiFi may be off or router down.
2026-10-02T17:00:46.956948 |   [info] WiFi not active (you may be on mobile data).
2026-10-02T17:01:57.737656 | Run #12 — 3 findings
2026-10-02T17:01:57.739215 |   [critical] Cannot reach router — WiFi may be off or router down.
2026-10-02T17:01:57.739676 |   [info] WiFi not active (you may be on mobile data).
2026-10-02T17:01:57.740171 |   [warn] Download slow (2.86 Mbps).
2026-10-02T17:02:35.414002 | Run #13 — 4 findings
2026-10-02T17:02:35.414743 |   [critical] Cannot reach router — WiFi may be off or router down.
2026-10-02T17:02:35.415328 |   [info] ICMP ping blocked by ISP (normal). TCP works.
2026-10-02T17:02:35.416139 |   [warn] HTTP failed but DNS/TCP work — target website may be down.
2026-10-02T17:02:35.416750 |   [info] WiFi not active (you may be on mobile data).
2026-10-02T17:03:06.933788 | Run #14 — 4 findings
2026-10-02T17:03:06.934083 |   [critical] Cannot reach router — WiFi may be off or router down.
2026-10-02T17:03:06.934229 |   [info] ICMP ping blocked by ISP (normal). TCP works.
2026-10-02T17:03:06.934360 |   [warn] HTTP failed but DNS/TCP work — target website may be down.
2026-10-02T17:03:06.934489 |   [info] WiFi not active (you may be on mobile data).
2026-10-02T17:03:22.217293 | Run #15 — 1 findings
2026-10-02T17:03:22.217773 |   [critical] NO local IP — WiFi or mobile data disconnected.
2026-10-02T17:04:40.870717 | Run #16 — 1 findings
2026-10-02T17:04:40.872788 |   [warn] Network path issue: Traceroute returned no hops
